#
# There is insufficient memory for the Java Runtime Environment to continue.
# Native memory allocation (mmap) failed to map 264241152 bytes. Error detail: G1 virtual space
# Possible reasons:
#   The system is out of physical RAM or swap space
#   This process is running with CompressedOops enabled, and the Java Heap may be blocking the growth of the native heap
# Possible solutions:
#   Reduce memory load on the system
#   Increase physical memory or swap space
#   Check if swap backing store is full
#   Decrease Java heap size (-Xmx/-Xms)
#   Decrease number of Java threads
#   Decrease Java thread stack sizes (-Xss)
#   Set larger code cache with -XX:ReservedCodeCacheSize=
#   JVM is running with Zero Based Compressed Oops mode in which the Java heap is
#     placed in the first 32GB address space. The Java Heap base address is the
#     maximum limit for the native heap growth. Please use -XX:HeapBaseMinAddress
#     to set the Java Heap base and to place the Java Heap above 32GB virtual address.
# This output file may be truncated or incomplete.
#
#  Out of Memory Error (os_windows.cpp:3554), pid=20624, tid=13372
#
# JRE version:  (25.0.2+10) (build )
# Java VM: Java HotSpot(TM) 64-Bit Server VM (25.0.2+10-LTS-69, mixed mode, sharing, tiered, compressed oops, compressed class ptrs, g1 gc, windows-amd64)
# No core dump will be written. Minidumps are not enabled by default on client versions of Windows
#

---------------  S U M M A R Y ------------

Command Line: -Dnet.bytebuddy.agent.attacher.dump= net.bytebuddy.agent.Attacher com.sun.tools.attach.VirtualMachine 30804 C:\Users\danis\.m2\repository\net\bytebuddy\byte-buddy-agent\1.18.10\byte-buddy-agent-1.18.10.jar false 

Host: 12th Gen Intel(R) Core(TM) i7-12700H, 20 cores, 15G,  Windows 11 , 64 bit Build 22621 (10.0.22621.5415)
Time: Thu Jul 23 18:36:50 2026 W. Europe Daylight Time elapsed time: 0.009718 seconds (0d 0h 0m 0s)

---------------  T H R E A D  ---------------

Current thread (0x00000192510addd0):  JavaThread "Unknown thread" [_thread_in_vm, id=13372, stack(0x0000000925b00000,0x0000000925c00000) (1024K)]

Stack: [0x0000000925b00000,0x0000000925c00000]
Native frames: (J=compiled Java code, j=interpreted, Vv=VM code, C=native code)
V  [jvm.dll+0x7a70f9]  (no source info available)
V  [jvm.dll+0x772d6d]  (no source info available)
V  [jvm.dll+0x965d53]  (no source info available)
V  [jvm.dll+0x968351]  (no source info available)
V  [jvm.dll+0x968a63]  (no source info available)
V  [jvm.dll+0x2fc846]  (no source info available)
V  [jvm.dll+0x7a3325]  (no source info available)
V  [jvm.dll+0x796737]  (no source info available)
V  [jvm.dll+0x3f4988]  (no source info available)
V  [jvm.dll+0x3fc8d6]  (no source info available)
V  [jvm.dll+0x3e8f7e]  (no source info available)
V  [jvm.dll+0x3e9238]  (no source info available)
V  [jvm.dll+0x3c0145]  (no source info available)
V  [jvm.dll+0x3c0dce]  (no source info available)
V  [jvm.dll+0x92cdf7]  (no source info available)
V  [jvm.dll+0x458f02]  (no source info available)
V  [jvm.dll+0x9107a2]  (no source info available)
V  [jvm.dll+0x4f9331]  (no source info available)
V  [jvm.dll+0x4fabc1]  (no source info available)
C  [jli.dll+0x543e]  (no source info available)
C  [ucrtbase.dll+0x29333]  (no source info available)
C  [KERNEL32.DLL+0x1259d]  (no source info available)
C  [ntdll.dll+0x5af78]  (no source info available)

Lock stack of current Java thread (top to bottom):


---------------  P R O C E S S  ---------------

Threads class SMR info:
_java_thread_list=0x00007ff811cd5388, length=0, elements={
}

Java Threads: ( => current thread )
Total: 0

Other Threads:
  0x0000019253537260 WorkerThread "GC Thread#0"                     [id=28724, stack(0x0000000925c00000,0x0000000925d00000) (1024K)]
  0x000001925354fe50 ConcurrentGCThread "G1 Main Marker"            [id=27912, stack(0x0000000925d00000,0x0000000925e00000) (1024K)]
  0x0000019253551190 WorkerThread "G1 Conc#0"                       [id=12868, stack(0x0000000925e00000,0x0000000925f00000) (1024K)]

[error occurred during error reporting (printing all threads), id 0xc0000005, EXCEPTION_ACCESS_VIOLATION (0xc0000005) at pc=0x00007ff8113b4f1a]
VM state: not at safepoint (not fully initialized)

VM Mutex/Monitor currently owned by a thread:  ([mutex/lock_event])
[0x00007ff811d59768] Heap_lock - owner thread: 0x00000192510addd0

Heap address: 0x0000000704400000, size: 4028 MB, Compressed Oops mode: Zero based, Oop shift amount: 3

CDS archive(s) mapped at: [0x0000000000000000-0x0000000000000000-0x0000000000000000), size 0, SharedBaseAddress: 0x0000000800000000, ArchiveRelocationMode: 1.
UseCompressedClassPointers 1, UseCompactObjectHeaders 0
Narrow klass pointer bits 32, Max shift 3
Narrow klass base: 0xffffffffffffffff, Narrow klass shift: -1
Encoding Range: [0xffffffffffffffff - 0x000000007fffffff), (2147483648 bytes)
Klass Range:    [0x0000000000000000 - 0x0000000000000000), (0 bytes)
Klass ID Range:  [4294967295 - 0) (1)
No protection zone.

GC Precious Log:
 CardTable entry size: 512
 Card Set container configuration: InlinePtr #cards 4 size 8 Array Of Cards #cards 16 size 48 Howl #buckets 8 coarsen threshold 3686 Howl Bitmap #cards 512 size 80 coarsen threshold 460 Card regions per heap region 1 cards per card region 4096

Heap:
 garbage-first heap   total reserved 4124672K, committed 0K, used 0K [0x0000000704400000, 0x0000000800000000)
  region size 2048K, 0 young (0K), 0 survivors (0K)

Heap Regions: E=young(eden), S=young(survivor), O=old, HS=humongous(starts), HC=humongous(continues), CS=collection set, F=free, TAMS=top-at-mark-start, PB=parsable bottom

Card table byte_map: [0x000001926bfe0000,0x000001926c7c0000] _byte_map_base: 0x00000192687be000

Marking Bits: (CMBitMap*) 0x00000192535379f0
 Bits: [0x000001926c7c0000, 0x00000192706b0000)

GC Heap Usage History (0 events):
No events

Metaspace Usage History (0 events):
No events

Dll operation events (1 events):
Event: 0.007 Loaded shared library C:\Program Files\Java\jdk-25.0.2\bin\java.dll

Deoptimization events (0 events):
No events

Classes loaded (0 events):
No events

Classes unloaded (0 events):
No events

Classes redefined (0 events):
No events

Internal exceptions (0 events):
No events

VM Operations (0 events):
No events

Memory protections (0 events):
No events

Nmethod flushes (0 events):
No events

Events (0 events):
No events


Dynamic libraries:
0x00007ff7fb380000 - 0x00007ff7fb390000 	C:\Program Files\Java\jdk-25.0.2\bin\java.exe
0x00007ff8f7c30000 - 0x00007ff8f7e47000 	C:\WINDOWS\SYSTEM32\ntdll.dll
0x00007ff8f58c0000 - 0x00007ff8f5984000 	C:\WINDOWS\System32\KERNEL32.DLL
0x00007ff8f4dc0000 - 0x00007ff8f5192000 	C:\WINDOWS\System32\KERNELBASE.dll
0x00007ff8f57a0000 - 0x00007ff8f58b1000 	C:\WINDOWS\System32\ucrtbase.dll
0x00007ff8e86d0000 - 0x00007ff8e86e7000 	C:\Program Files\Java\jdk-25.0.2\bin\jli.dll
0x00007ff8e78b0000 - 0x00007ff8e78ce000 	C:\Program Files\Java\jdk-25.0.2\bin\VCRUNTIME140.dll
0x00007ff8f63d0000 - 0x00007ff8f6581000 	C:\WINDOWS\System32\USER32.dll
0x00007ff8f5450000 - 0x00007ff8f5476000 	C:\WINDOWS\System32\win32u.dll
0x00007ff8d9590000 - 0x00007ff8d982b000 	C:\WINDOWS\WinSxS\amd64_microsoft.windows.common-controls_6595b64144ccf1df_6.0.22621.5547_none_27104afb73855772\COMCTL32.dll
0x00007ff8f5ed0000 - 0x00007ff8f5ef9000 	C:\WINDOWS\System32\GDI32.dll
0x00007ff8f6cf0000 - 0x00007ff8f6d97000 	C:\WINDOWS\System32\msvcrt.dll
0x00007ff8f5500000 - 0x00007ff8f5623000 	C:\WINDOWS\System32\gdi32full.dll
0x00007ff8f4d20000 - 0x00007ff8f4dba000 	C:\WINDOWS\System32\msvcp_win.dll
0x00007ff8f79b0000 - 0x00007ff8f79e1000 	C:\WINDOWS\System32\IMM32.DLL
0x00007ff8f1b50000 - 0x00007ff8f1b5c000 	C:\Program Files\Java\jdk-25.0.2\bin\vcruntime140_1.dll
0x00007ff8e3f30000 - 0x00007ff8e3fbd000 	C:\Program Files\Java\jdk-25.0.2\bin\msvcp140.dll
0x00007ff810fe0000 - 0x00007ff811e3f000 	C:\Program Files\Java\jdk-25.0.2\bin\server\jvm.dll
0x00007ff8f5ac0000 - 0x00007ff8f5b71000 	C:\WINDOWS\System32\ADVAPI32.dll
0x00007ff8f6da0000 - 0x00007ff8f6e48000 	C:\WINDOWS\System32\sechost.dll
0x00007ff8f5770000 - 0x00007ff8f5798000 	C:\WINDOWS\System32\bcrypt.dll
0x00007ff8f5da0000 - 0x00007ff8f5eb4000 	C:\WINDOWS\System32\RPCRT4.dll
0x00007ff8f7930000 - 0x00007ff8f79a1000 	C:\WINDOWS\System32\WS2_32.dll
0x00007ff8f3b60000 - 0x00007ff8f3bad000 	C:\WINDOWS\SYSTEM32\POWRPROF.dll
0x00007ff8ee200000 - 0x00007ff8ee234000 	C:\WINDOWS\SYSTEM32\WINMM.dll
0x00007ff8ebd80000 - 0x00007ff8ebd8a000 	C:\WINDOWS\SYSTEM32\VERSION.dll
0x00007ff8f3b40000 - 0x00007ff8f3b53000 	C:\WINDOWS\SYSTEM32\UMPDC.dll
0x00007ff8f3e00000 - 0x00007ff8f3e18000 	C:\WINDOWS\SYSTEM32\kernel.appcore.dll
0x00007ff8ee840000 - 0x00007ff8ee84a000 	C:\Program Files\Java\jdk-25.0.2\bin\jimage.dll
0x00007ff8f23a0000 - 0x00007ff8f25d3000 	C:\WINDOWS\SYSTEM32\DBGHELP.DLL
0x00007ff8f5f30000 - 0x00007ff8f62c3000 	C:\WINDOWS\System32\combase.dll
0x00007ff8f6bb0000 - 0x00007ff8f6c87000 	C:\WINDOWS\System32\OLEAUT32.dll
0x00007ff8d89d0000 - 0x00007ff8d8a02000 	C:\WINDOWS\SYSTEM32\dbgcore.DLL
0x00007ff8f53d0000 - 0x00007ff8f544b000 	C:\WINDOWS\System32\bcryptPrimitives.dll
0x00007ff8e7880000 - 0x00007ff8e789f000 	C:\Program Files\Java\jdk-25.0.2\bin\java.dll
0x00007ff8f6a10000 - 0x00007ff8f6bb0000 	C:\WINDOWS\System32\ole32.dll
0x00007ff8f7080000 - 0x00007ff8f7922000 	C:\WINDOWS\System32\SHELL32.dll
0x00007ff8f5630000 - 0x00007ff8f576f000 	C:\WINDOWS\System32\wintypes.dll

JVMTI agents: none

dbghelp: loaded successfully - version: 4.0.5 - missing functions: none
symbol engine: initialized successfully - sym options: 0x614 - pdb path: .;C:\Program Files\Java\jdk-25.0.2\bin;C:\WINDOWS\SYSTEM32;C:\WINDOWS\WinSxS\amd64_microsoft.windows.common-controls_6595b64144ccf1df_6.0.22621.5547_none_27104afb73855772;C:\Program Files\Java\jdk-25.0.2\bin\server

VM Arguments:
jvm_args: -Dnet.bytebuddy.agent.attacher.dump= 
java_command: net.bytebuddy.agent.Attacher com.sun.tools.attach.VirtualMachine 30804 C:\Users\danis\.m2\repository\net\bytebuddy\byte-buddy-agent\1.18.10\byte-buddy-agent-1.18.10.jar false 
java_class_path (initial): C:\Users\danis\.m2\repository\net\bytebuddy\byte-buddy-agent\1.18.10\byte-buddy-agent-1.18.10.jar
Launcher Type: SUN_STANDARD

[Global flags]
     intx CICompilerCount                          = 12                                        {product} {ergonomic}
     uint ConcGCThreads                            = 4                                         {product} {ergonomic}
     uint G1ConcRefinementThreads                  = 15                                        {product} {ergonomic}
   size_t G1HeapRegionSize                         = 2097152                                   {product} {ergonomic}
   size_t InitialHeapSize                          = 264241152                                 {product} {ergonomic}
   size_t MarkStackSize                            = 4194304                                   {product} {ergonomic}
   size_t MarkStackSizeMax                         = 536870912                                 {product} {ergonomic}
   size_t MaxHeapSize                              = 4223664128                                {product} {ergonomic}
   size_t MinHeapDeltaBytes                        = 2097152                                   {product} {ergonomic}
   size_t MinHeapSize                              = 8388608                                   {product} {ergonomic}
    uintx NonNMethodCodeHeapSize                   = 7602176                                {pd product} {ergonomic}
    uintx NonProfiledCodeHeapSize                  = 122093568                              {pd product} {ergonomic}
    uintx ProfiledCodeHeapSize                     = 121962496                              {pd product} {ergonomic}
    uintx ReservedCodeCacheSize                    = 251658240                              {pd product} {ergonomic}
     bool SegmentedCodeCache                       = true                                      {product} {ergonomic}
   size_t SoftMaxHeapSize                          = 4223664128                             {manageable} {ergonomic}
     bool UseCompressedOops                        = true                           {product lp64_product} {ergonomic}
     bool UseG1GC                                  = true                                      {product} {ergonomic}
     bool UseLargePagesIndividualAllocation        = false                                  {pd product} {ergonomic}

Logging:
Log output configuration:
 #0: stdout all=warning uptime,level,tags foldmultilines=false
 #1: stderr all=off uptime,level,tags foldmultilines=false

Release file:
<release file has not been read>
Environment Variables:
PATH=C:\Program Files\Common Files\Oracle\Java\javapath;C:\Windows\system32;C:\Windows;C:\Windows\System32\Wbem;C:\Windows\System32\WindowsPowerShell\v1.0\;C:\Windows\System32\OpenSSH\;C:\WINDOWS\system32;C:\WINDOWS;C:\WINDOWS\System32\Wbem;C:\WINDOWS\System32\WindowsPowerShell\v1.0\;C:\WINDOWS\System32\OpenSSH\;C:\Program Files (x86)\NVIDIA Corporation\PhysX\Common;C:\Program Files\Git\cmd;C:\Program Files\nodejs\;C:\Program Files\dotnet\;C:\Program Files\NVIDIA Corporation\NVIDIA app\NvDLISR;C:\Program Files\Docker\Docker\resources\bin;C:\Users\danis\AppData\Local\Programs\Python\Python312\Scripts\;C:\Users\danis\AppData\Local\Programs\Python\Python312\;C:\Users\danis\AppData\Local\Programs\Python\Launcher\;C:\Users\danis\AppData\Local\Microsoft\WindowsApps;D:\VisualCode\Microsoft VS Code\bin;C:\Users\danis\AppData\Roaming\npm;D:\PyCharm\PyCharm 2023.2.5\bin;;D:\PyCharm\PyCharm Community Edition 2023.2.5\bin;;C:\Users\danis\AppData\Local\Android\Sdk\platform-tools;D:\curosrai\cursor\resources\app\bin
USERNAME=danis
OS=Windows_NT
PROCESSOR_IDENTIFIER=Intel64 Family 6 Model 154 Stepping 3, GenuineIntel
TMP=C:\Users\danis\AppData\Local\Temp
TEMP=C:\Users\danis\AppData\Local\Temp




Compilation memory statistics disabled.

Periodic native trim disabled

---------------  S Y S T E M  ---------------

OS:
 Windows 11 , 64 bit Build 22621 (10.0.22621.5415)
OS uptime: 0 days 21:00 hours
Hyper-V role detected

CPU: total 20 (initial active 20) (10 cores per cpu, 2 threads per core) family 6 model 154 stepping 3 microcode 0x413, cx8, cmov, fxsr, ht, mmx, 3dnowpref, sse, sse2, sse3, ssse3, sse4.1, sse4.2, popcnt, lzcnt, tsc, tscinvbit, avx, avx2, aes, erms, clmul, bmi1, bmi2, adx, sha, fma, vzeroupper, clflush, clflushopt, clwb, hv, serialize, rdtscp, rdpid, fsrm, gfni, f16c, cet_ibt, cet_ss
Processor Information for processor 0
  Max Mhz: 2300, Current Mhz: 2300, Mhz Limit: 2300
Processor Information for processor 1
  Max Mhz: 2300, Current Mhz: 2300, Mhz Limit: 2300
Processor Information for processor 2
  Max Mhz: 2300, Current Mhz: 2300, Mhz Limit: 2300
Processor Information for processor 3
  Max Mhz: 2300, Current Mhz: 2300, Mhz Limit: 2300
Processor Information for processor 4
  Max Mhz: 2300, Current Mhz: 2300, Mhz Limit: 2300
Processor Information for processor 5
  Max Mhz: 2300, Current Mhz: 2300, Mhz Limit: 2300
Processor Information for processor 6
  Max Mhz: 2300, Current Mhz: 2300, Mhz Limit: 2300
Processor Information for processor 7
  Max Mhz: 2300, Current Mhz: 2300, Mhz Limit: 2300
Processor Information for processor 8
  Max Mhz: 2300, Current Mhz: 2300, Mhz Limit: 2300
Processor Information for processor 9
  Max Mhz: 2300, Current Mhz: 2300, Mhz Limit: 2300
Processor Information for processor 10
  Max Mhz: 2300, Current Mhz: 2300, Mhz Limit: 2300
Processor Information for processor 11
  Max Mhz: 2300, Current Mhz: 2300, Mhz Limit: 2300
Processor Information for processor 12
  Max Mhz: 2300, Current Mhz: 1500, Mhz Limit: 1679
Processor Information for processor 13
  Max Mhz: 2300, Current Mhz: 1700, Mhz Limit: 1679
Processor Information for processor 14
  Max Mhz: 2300, Current Mhz: 1500, Mhz Limit: 1679
Processor Information for processor 15
  Max Mhz: 2300, Current Mhz: 1500, Mhz Limit: 1679
Processor Information for processor 16
  Max Mhz: 2300, Current Mhz: 1700, Mhz Limit: 1679
Processor Information for processor 17
  Max Mhz: 2300, Current Mhz: 1700, Mhz Limit: 1679
Processor Information for processor 18
  Max Mhz: 2300, Current Mhz: 1700, Mhz Limit: 1679
Processor Information for processor 19
  Max Mhz: 2300, Current Mhz: 1700, Mhz Limit: 1679

Memory: 4k page, system-wide physical 16108M (1197M free)
TotalPageFile size 20574M (AvailPageFile size 250M)
current process WorkingSet (physical memory assigned to process): 13M, peak: 13M
current process commit charge ("private bytes"): 75M, peak: 327M

vm_info: Java HotSpot(TM) 64-Bit Server VM (25.0.2+10-LTS-69) for windows-amd64 JRE (25.0.2+10-LTS-69), built on 2025-12-18T11:36:35Z with MS VC++ 17.13 (VS2022)

END.
